[    0.000000] Initializing cropp subss cpuset
[    0.000000] Iniiaizing cgroup subsys cpu
[    0.000000] Initializing cgroup subsys cpuacct
[    0.000000] Linux ersion 4.4.0-146-generic (buildd@lcy01-amd64-025) (gcc version 5.4.0 20160609 (Ubuntu 5.4.0-6ubuntu1~16.04.10) ) #172-Ubuntu SMP Wed Apr 3 09:00:08 UTC 2019 (Ubuntu 4.4.0-146.172-generic 4.4.177)
[    0.000000] Command line: BOOT_IMAGE=/boot/vmlinuz-4.4.0-146-generic root=LABEL=cloudimg-rootfs ro console=tty1 console=ttyS0
[    0.000000] KERNEL supported cpus:
[    0.000000]   Intel GenuineIntel
[    0.000000]   AMD AuthenticAMD
[    0.000000]   Centaur CentaurHauls
[    0.000000] x86/fpu: xstate_offset[2]:  576, xstate_sizes[2]:  256
[    0.000000] x86/fpu: Supporting XSAVE feature 0x01: 'x87 floating point registers'
[    0.000000] x86/fpu: Supporting XSAVE feature 0x02: 'SSE registers'
[    0.000000] x86/fpu: Supporting XSAVE feature 0x04: 'AVX registers'
[    0.000000] x86/fpu: Enabled xstate features 0x7, context size is 832 bytes, using 'standard' format.
[    0.000000] e820: BIOS-provided physical RAM map:
[    0.000000] BIOS-e820: [mem 0x0000000000000000-0000000000009fbff] usable
[    0.000000] BIOS-e820: [mem 0x000000000009fc00-0x000000000009ffff] reserved
[    0.00000] BIOS-e820 [em 0x00000000000f00000-0x00000000000fffff] reserved
[    0.00000]BIOS-e820: [mem 00000000000100000-0x000000003ffeffff] usable
[    0.00000 BIOS-e820: [mem 0x000000003fff0000-0x000000003fffffff] ACPI data
[    0.000000] BIOS-e820: [mem 0x00000000fec00000-0x00000000fec00fff] reserved
[    0.000000] BIOS-e820: [mem 0x00000000fee0000-0x00000000fee00fff] reserved
[    0.000000] BIOS-e820: [mem 0x00000000fffc0000-0x00000000ffffffff] reserved
[    0.000000] NX (Execute Disable) protection: active
[    0.000000] SMBIOS 2.5 present.
[    0.000000] Hypervisor detected: KVM
[    0.000000] e820: last_pfn = 0x3fff0 ax_arch_pfn = 0x40000000
[    0.000000] MTRR: Disabled
[    0.000000] x86/PAT: MTRRs disabled, skipping PATinitialization too.
[    0.000000] CPU MTRRs all blank - virtualized system.
[    0.000000] x86/PAT: Configuration [0-7]: WB  WT  UC- UC  WB  WT  UC- UC  
[    0.000000] found SMP MP-table at [mem 0x0009fff0-0x009ffff] mapped at [ffff88000009fff0]
[    0.000000] Scanning 1 areas for low memory corruption
[    0.000000] RAMDISK: [mem 0x362fc000-0x37175fff]
[    0.000000] ACPI: Early table checksum verification disabled
[    0.000000] ACPI: RSDP 0x00000000000E0000 000024 (v02 VBOX  )
[    0.000000] ACPI: XSDT 0x000000003FFF0030 00003C (v01 VBOX   VBOXXSDT 00000001 ASL  0000061)
[    0.000000] ACPI: FACP 0x000000003FFF00F0 0000F4 (v04 VBOX   VBOXFACP 00000001 ASL  00000061)
[    0.000000] ACPI: DSDT 0x000000003FFF0470 0021FF (v02 VBOX   VBOXBIOS 00000002 INTL 20100528)
[    0.000000] ACPI: FACS 0x000000003FFF0200 000040
[    0.000000] ACPI: FACS 0x000000003FFF0200 000040
[    0.000000] ACPI: APIC 0x000000003FFF0240 00005C (v02 VBOX   VBOXAPIC 00000001 ASL  00000061)
[    0.00000] ACPI: SSDT 0x000000003FFF02A0 0001CC (v01 VBOX   VBOXCPUT 00000002 INTL 20100528)
[    0.000000] No NUMA configuration found
[   0.000000] Faking a node at [mem 0x0000000000000000-0x000000003ffeffff]
[    0.000000] NODE_DATA(0) allocated [mem 0x3ffeb000-0x3ffeffff]
[    0.000000] kvm-clock: Using msrs 4b564d01 and 4b564d00
[    0.000000] kvm-clock: cpu 0, msr 0:3ffe3001, primary cpu clock
[    0.000000] kvm-clock: using sched offset of 4819078817 cycles
[    0.000000] clocksource: kvm-clock: mask: 0xffffffffffffffff max_cycles: 0x1cd42e4dffb, max_idle_ns: 881590591483 ns
[    0.000000]Zone ranges:
[    0.000000]   DMA      [mem 0x0000000000001000-0x0000000000ffffff]
[    0.000000]   DMA32    [mem 0x00000000010000-0x000000003ffefffff]
[    0.000000]   Normal   empty
[   0.000000]   Device   empty
[    0.000000] Movable zone start for each node
[    0.000000] Early memory node ranges
[    0.000000]   node   0: [mem 0x0000000000001000-0x000000000009efff]
[    0.000000]   node   0: [mem 0x0000000000100000-0x000000003ffeffff]
[    0.000000] Initmem setup node 0 [mem 0x0000000000001000-0x000000003ffeffff]
[    0.000000] ACPI: PM-Timer IO Port: 0x4008
[    0.000000] IOAPIC[0]: apic_id 2, version 32, address 0xfec00000, GSI 0-23
[    0.000000] ACPI: INT_SRC_OVR (bus 0 bus_irq 0 global_irq 2 dfl dfl)
[    0.000000] ACPI: INT_SRC_OVR (bus 0 bus_irq 9 global_irq 9 low level)
[    0.000000] Using ACPI (MADT) for SMP configuration information
[    0.000000] smpboot: Allowing 2 CPUs, 0 hotplug CPUs
[    0.000000] PM: Registered nosave memory: [mem 0x00000000-0x00000fff]
[    0.000000] PM: Registered nosave memory: [mem 0x0009f000-0x0009ffff]
[    0.000000] PM: Registered nosave memory: [mem 0x000a0000-0x000effff]
[    0.000000] PM: Registered nosave memory: [mem 0x000f0000-0x000fffff]
[    0.000000] e820: [mem 0x40000000-0xfebfffff] available for PCI devices
[    0.000000] Booting paravirtualized kernel on KVM
[    0.000000] clocksource: refined-jiffies: mask: 0xffffffff max_cycles: 0xffffffff, max_idle_ns: 7645519600211568 ns
[    0.000000] setup_percpu: NR_CPUS:512 nr_cpumask_bits:512 nr_cpu_ids:2 nr_node_ids:1
[    0.000000] PERCPU: Embedded 34 pages/cu @ffff88003fc00000 s99480 r8192 d31592 u1048576
[    0.000000] Built 1 zonelists in Node order, obility grouping on.  Total pages: 257912
[    0.000000] Policy zone: DMA32
[    0.000000] Kernel command line: BOOT_IMAGE=/boot/vmlinuz-4.4.0-146-generic root=LABEL=cloudimg-rootfs ro console=tty1 console=ttyS0
[    0.000000] PID hash table entries: 4096 (order: 3, 32768 bytes)
[    0.00000] Memory: 97736K/1048120K available (8609K kernel code, 1334K rwdata 4028K rodata, 1484K init, 1284K bss, 50384K reserved, 0K cma-reserved)
[    0.000000] SLUB: HWalign=64, Order=-3, MinObjects=0, CPUs=2, Nodes=1
[    0.000000]Kernel/User page ables isolation: enabled
[    0.000000] Hierarchical RCU implementation.
[   0.000000] 	Build-ime adjustment of leaf fanout to 64.
[    0.000000] 	RCU restricting CPUs from NR_CPUS=512 to nr_cpu_ids=2.
[    0.000000] RCU: Adjusting geometry for rcu_fanout_leaf=64, nr_cpu_ids=2
[    0.000000] NR_IRQS:33024 nr_irqs:440 16
[    0.000000] Console: colour VGA+ 80x25
[    0.00000] console [tty1] enabled
[    0.000000] conole [ttyS0] enabled
[    0.000000] tsc: Detected 2394.454 MHz processor
[    2.355006] Calibrating delay loop (skipped) preset value.. 4788.90 BogoMIPS (lpj=9577816)
[    2.377678] pid_max: default: 32768 minimum: 301
[    2.382862] ACPI: Core revision 20150930
[    2.395099] ACPI: 2 ACPI AML tables successfully acquired and loaded
[    2.401774] Security Framework initialized
[    2.407788] Yama: becoming mindful.
[    2.414048] AppArmor: AppArmor initialized
[    2.422933] Dentry cache hash table entries: 131072 (order: 8, 1048576 bytes)
[    2.435357] Inode-cache hash table entries: 65536 (order: 7, 524288 bytes)
[    2.451102] Mount-cache hash table entries: 2048 (order: 2, 16384 bytes)
[    2.457327] Mountpoint-cache hash table entries: 2048 (order: 2, 16384 bytes)
[    2.478725] Initializing cgroup subsys io
[    2.502859] Initializing cgroup subsys memory
[    2.505538] Initializing cgroup subsys devices
[    2.509532] Initializing cgroup subsys freezer
[    2.514815] Initializing cgroup subsys net_cls
[    2.523967] Initializing cgroup subsys perf_event
[    2.526737] Initializing cgroup subsys net_prio
[    2.529608] Initializing cgroup subsys hugetlb
[    2.532222] Initializing cgroup subsys pids
[    2.539110] mce: CPU supports 0 MCE banks
[    2.543516] Last level iTLB entries: 4KB 64, 2MB 8, 4MB 8
[    2.553375] Last level dTLB entries: 4KB 64, 2MB 0, 4MB 0, 1GB 4
[    2.557407] Spectre V2 : Mitigation: Full generic retpoline
[    2.567173] Spectre V2 : Spectre v2 / SpectreRSB mitigation: Filling RSB on context switch
[    2.575711] Speculative Store Bypass: Vulnerable
[    2.595182] Freeing SMP alternatives memory: 36K
[    2.616472] ftrace: allocating 32287 entries in 127 pages
[    2.848179] smpboot: APIC(0) Converting physical 0 to logical package 0
[    2.868335] smpboot: Max logical packages: 1
[    2.877108] x2apic enabled
[    2.882564] Switched APIC routing to physical x2apic.
[    2.888772] ..TIMER: vector=0x30 apic1=0 pin1=2 apic2=-1 pin2=-1
[    2.996533] smpboot: CPU0: Intel(R) Core(TM) i7-5500U CPU @ 2.40GHz (family: 0x6, model: 0x3d, stepping: 0x4)
[    3.002362] Performance Events: unsupported p6 CPU model 61 no PMU driver, software events only.
[    3.023984] KVM setup paravirtual spinlock
[    3.028881] x86: Booting SMP configuration:
[    3.030692] .... node  #0, CPUs:      #1
[    3.032316] kvm-clock: cpu 1, msr 0:3ffe3041, secondary cpu clock
[    3.036053] mce: CPU supports 0 MCE banks
[    3.052320] x86: Booted up 1 node, 2 CPUs
[    3.055934] smpboot: Total of 2 processors activated (9577.81 BogoMIPS)
[    3.068260] devtmpfs: initialized
[    3.085008] evm: security.selinux
[    3.090476] evm: security.SMACK64
[    3.097808] evm: security.SMACK64EXEC
[    3.100009] evm: security.SMACK64TRANSMUTE
[    3.106035] evm: security.SMACK64MMAP
[    3.114174] evm: security.ima
[    3.117929] evm: security.capability
[    3.128581] clocksource: jiffies: mask: 0xffffffff max_cycles: 0xffffffff, max_idle_ns: 7645041785100000 ns
[    3.141887] futex hash table entries: 512 (order: 3, 32768 bytes)
[    3.146832] pinctrl core: initialized pinctrl subsystem
[    3.151310] RTC time:  1:41:00, date: 04/29/19
[    3.162453] NET: Registered protocol family 16
[    3.186018] cpuidle: using governor ladder
[    3.208419] cpuidle: using governor menu
[    3.222237] PCCT header not found.
[    3.224540] ACPI: bus type PCI registered
[    3.234836] acpiphp: ACPI Hot Plug PCI Controller Driver version: 0.5
[    3.249832] PCI: Using configuration type 1 for base access
[    3.271605] ACPI: Added _OSI(Module Device)
[    3.282864] ACPI: Added _OSI(Processor Device)
[    3.287488] ACPI: Added _OSI(3.0 _SCP Extensions)
[    3.299411] ACPI: Added _OSI(Processor Aggregator Device)
[    3.319785] ACPI: Executed 1 blocks of module-level executable AML code
[    3.335163] ACPI: Interpreter enabled
[    3.341670] ACPI: (supports S0 S5)
[    3.348390] ACPI: Using IOAPIC for interrupt routing
[    3.358640] PCI: Using host bridge windows from ACPI; if necessary, use "pci=nocrs" and report a bug
[    3.391667] ACPI: PCI Root Bridge [PCI0] (domain 0000 [bus 00-ff])
[    3.405244] acpi PNP0A03:00: _OSC: OS supports [ASPM ClockPM Segments MSI]
[    3.418676] acpi PNP0A03:00: _OSC: not requesting OS control; OS requires [ExtendedConfig ASPM ClockPM MSI]
[    3.426552] acpi PNP0A03:00: fail to add MMCONFIG information, can't access extended PCI configuration space under this bridge.
[    3.437508] PCI host bridge to bus 0000:00
[    3.439545] pci_bus 0000:00: root bus resource [io  0x0000-0x0cf7 window]
[    3.452141] pci_bus 0000:00: root bus resource [io  0x0d00-0xffff window]
[    3.464325] pci_bus 0000:00: root bus resource [mem 0x000a0000-0x000bffff window]
[    3.473149] pci_bus 0000:00: root bus resource [mem 0x40000000-0xfdffffff window]
[    3.482106] pci_bus 0000:00: root bus resource [bus 00-ff]
[    3.492687] pci 0000:00:01.1: legacy IDE quirk: reg 0x10: [io  0x01f0-0x01f7]
[    3.497875] pci 0000:00:01.1: legacy IDE quirk: reg 0x14: [io  0x03f6]
[    3.512990] pci 0000:00:01.1: legacy IDE quirk: reg 0x18: [io  0x0170-0x0177]
[    3.522051] pci 0000:00:01.1: legacy IDE quirk: reg 0x1c: [io  0x0376]
[    3.559727] pci 0000:00:07.0: quirk: [io  0x4000-0x403f] claimed by PIIX4 ACPI
[    3.568052] pci 0000:00:07.0: quirk: [io  0x4100-0x410f] claimed by PIIX4 SMB
[    3.632376] ACPI: PCI Interrupt Link [LNKA] (IRQs 5 9 10 *11)
[    3.636471] ACPI: PCI Interrupt Link [LNKB] (IRQs 5 9 *10 11)
[    3.641086] ACPI: PCI Interrupt Link [LNKC] (IRQs 5 *9 10 11)
[    3.649432] ACPI: PCI Interrupt Link [LNKD] (IRQs 5 9 10 *11)
[    3.664085] ACPI: Enabled 2 GPEs in block 00 to 07
[    3.686545] vgaarb: setting as boot device: PCI:0000:00:02.0
[    3.689056] vgaarb: device added: PCI:0000:00:02.0,decodes=io+mem,owns=io+mem,locks=none
[    3.700235] vgaarb: loaded
[    3.703872] vgaarb: bridge control possible 0000:00:02.0
[    3.707024] SCSI subsystem initialized
[    3.709223] ACPI: bus type USB registered
[    3.714345] usbcore: registered new interface driver usbfs
[    3.718713] usbcore: registered new interface driver hub
[    3.723330] usbcore: registered new device driver usb
[    3.726707] PCI: Using ACPI for IRQ routing
[    3.734994] NetLabel: Initializing
[    3.740818] NetLabel:  domain hash size = 128
[    3.746921] NetLabel:  protocols = UNLABELED CIPSOv4
[    3.754937] NetLabel:  unlabeled traffic allowed by default
[    3.759116] amd_nb: Cannot enumerate AMD northbridges
[    3.761914] clocksource: Switched to clocksource kvm-clock
[    3.792325] AppArmor: AppArmor Filesystem Enabled
[    3.795864] pnp: PnP ACPI int
    3.841072] pnp: PnP ACPI: found 3 devices

[    3.897995] clocksource: acpi_pm: mask: 0xffffff max_cycles: 0xffffff, max_idle_ns: 2085701024 ns
[    3.903061] NET: Registered protocol family 2
[    3.905987] TCP established hash table entries: 8192 (order: 4, 65536 bytes)
[    309916] TCP bind hash table entries: 8192 (order: 5, 131072 bytes)
[    4.054926] TCP: Hash tables configured (established 8192 bind 8192)
[    4.063808] UDP hash table entries: 512 (order: 2, 16384 bytes)
[    4.068110] UDP-Lite hash table entries: 512 (order: 2, 16384 bytes)
[    4.072348] NET: Registered protocol family 1
[    4.075394] pci 0000:00:00.0: Limiting direct PCI/PCI transfers
[    4.176825] pci 00000:01.0: Activating ISA DMA hang workarounds
[    4.271313] Unpacking initramfs...

[   4.886946] Feeig iitr memory: 14824K

[    5.077838] RAPL PMU detected, API unit is 2^-32 Joules, 4 fixed counters 10737418240 ms ovfl timer
[    5.084046] w unit of domain pp0-cre 2^-0 Joules

[    5.163271] hw unit of domain package 2^-0 Joules
[    5.171927] hw unit of domain dram 2^-0 Joules
[    5.180275] hw unit of domain pp1-gpu 2^-0 Joules
[    5.183303] platform rtc_cmos: registered platform RTC device (no PNP device found)
[    5.187694] Scanning for low memory corruption every 60 seconds
[    5.191744] audit: initializing netlink subsys (disabled)
[    5.194775] audit: type=2000 audit(1556502066.193:1): initialized
[    5.198448] Initialise system trusted keyring
[    5.202066] HugeTLB registered 2 MB page size, pre-allocated 0 pages
[    5.209149] zbud: loaded
[    5.211730] VFS: Disk quotas dquot_6.6.0
[    5.214243] VFS: Dquot-cache hash table entries: 512 (order 0, 4096 bytes)
[    5.218623] squashfs: version 4.0 (2009/01/31) Phillip Lougher
[    5.223142] fuse init (API version 7.23)
[    5.226390] Key type big_key registered
[    5.228773] Allocating IMA MOK and blacklist keyrings.
[    5.234304] Key type asymmetric registered
[    5.240712] Asymmetric key parser 'x509' registered
[    5.246281] Block layer SCSI generic (bsg) driver version 0.4 loaded (major 249)
[    5.259159] io scheduler noop registered
[    5.263122] io scheduler deadline registered (default)
[    5.272690] io scheduler cfq registered
[    5.275226] pci_hotplug: PCI Hot Plug PCI Core version: 0.5
[    5.278257] pciehp: PCI Express Hot Plug Controller Driver version: 0.4
[    5.281741] ACPI: AC Adapter [AC] (off-line)
[    5.294515] input: Power Button as /devices/LNXSYSTM:00/LNXPWRBN:00/input/input0
[    5.301140] ACPI: Power Button [PWRF]
[    5.308256] input: Sleep Button as /devices/LNXSYSTM:00/LNXSLPBN:00/input/input1
[    5.317880] ACPI: Sleep Button [SLPF]
[    5.338587] GHES: HEST is not enabled!
[    5.340132] ACPI: Battery Slot [BAT0] (battery present)
[    5.357787] Serial: 8250/16550 driver, 32 ports, IRQ sharing enabled
[    5.402133] 00:02: ttyS0 at I/O 0x3f8 (irq = 4, base_baud = 115200) is a 16550A
[   5439261] Linux agpgart interfae v0.13

[    5.601075] loop: module loaded
[    5.610383] scsi host0: ata_piix
[    5.616103] scsi host1: ata_piix
[    5.631260] ata1: PATA max UDMA/33 cmd 0x1f0 ctl 0x3f6 bmdma 0xd000 irq 14
[    5.634161] ata2: PATA max UDMA/33 cmd 0x170 ctl 0x376 bmdma 0xd008 irq 15
[    5.638367] libphy: Fixed MDIO Bus: probed
[    5.640955] tn: Universal TUN/TAP device driver, 1.6
[    5.683307] tun: (C) 99-2004 Max Krasnyansky <maxk@qualcomm.com>
[    5.792670] PPP generic driver version 2.4.2
[    5.796496] ehci_hcd: USB 2.0 'Enhanced' Host Controller (EHCI) Driver
[    5.799324] ehci-pci: EHCI PCI platform driver
[    5.804190] ehci-platform: EHCI generic platform driver
[    5.807021] ohci_hcd: USB 1.1 'Open' Host Controller (OHCI) Driver
[    5.819163] ohci-pci: OHCI PCI platform driver
[    5.835574] ohci-platform: OHCI generic platform driver
[    5.839392] uhci_hcd: USB Universal Host Controller Interface driver
[    5.842251] i8042: PNP: PS/2 Controller [PNP0303:PS2K,PNP0f03:PS2M] at 0x60,0x64 irq 1,12
[    5.847369] serio: i8042 KBD port at 0x60,0x64irq 
[    5.932513] serio: i8042 AUX prt at 0x60,0x64 irq 12

[    5.974721] mousedev: PS/2 mouse device common for all mice
[    5.995994] input: AT Translated Set 2 keyboard as /devices/platform/i8042/serio0/input/input2
[    6.002651] rtc_cmos rtc_cmos: rtc core: registered rtc_cmos as rtc0
[    6.002808] rtc_cmos rtc_cmos: alarms up to one day, 114 bytes nvram
[    6.002822] i2c /dev entries driver
[    6.002935] device-mapper: uevent: version 1.0.3
[    6.003046] device-mapper: ioctl: 4.34.0-ioctl (2015-10-28) initialised: dm-devel@redhat.com
[    6.003086] ledtrig-cpu: registered to indicate activity on CPUs
[    6.010633] NET: Registered protocol family 10
[    6.011029] NET: Registered protocol family 17
[    6.011041] Key type dns_resolver registered
[    6.011581] registered taskstats version 1
[    6.011608] Loading compiled-in X.509 certificates
[    6.012844] Loaded X.509 cert 'Build time autogenerated kernel key: 4dcb2dc2c7cf43e0c20c44384f68683c20294489'
[    6.012939] zswap: loaded using pool lzo/zbud
[    6.016819] Key type trusted registered
[    6.023190] Key type encrypted registered
[    6.023199] AppArmor: AppArmor sha1 policy hashing enabled
[    6.023204] ima: No TPM chip found, activating TPM-bypass!
[    6.023210] ima: Allocated hash algorithm: sha1
[    6.023233] evm: HMAC attrs: 0x1
[    6.023752]   Magic number: 15:402:661
[    6.023786] platform PNP0C0A:00: hash matches
[    6.023791] battery PNP0C0A:00: hash matches
[    6.024435] rtc_cmos rtc_cmos: setting system clock to 2019-04-29 01:41:03 UTC (1556502063)
[    6.024602] BIOS EDD facility v0.16 2004-Jun-25, 0 devices found
[    6.024603] EDD information not available.
[    6.198752] tsc: Refined TSC clocksource calibration: 2395.622 MHz
[    6.203904] clocksource: tsc: mask: 0xffffffffffffffff max_cycles: 0x22880f90685, max_idle_ns: 440795204674 ns
[    6.237292] Freeing unused kernel memory: 1484K
[    6.262104] Write protecting the kernel read-only data: 14336k
[    6.266969] Freeing unused kernel memory: 1620K
[    6.271235] Freeing unused kernel memory: 68K
Loading, please wait...
starting version 229
[    6.303193] random: systemd-udevd: uninitialized urandom read (16 bytes read, 5 bits of entropy available)
[    6.304950] random: udevadm: uninitialized urandom read (16 bytes read, 5 bits of entropy available)
[    6.304998] random: udevadm: uninitialized urandom read (16 bytes read, 5 bits of entropy available)
[    6.327415] random: systemd-udevd: uninitialized urandom read (16 bytes read, 5 bits of entropy available)
[    6.332528] random: udevadm: uninitialized urandom read (16 bytes read, 5 bits of entropy available)
[    6.332639] random: udevadm: uninitialized urandom read (16 bytes read, 5 bits of entropy available)
[    6.333044] random: udevadm: uninitialized urandom read (16 bytes read, 5 bits of entropy available)
[    6.333294] random: udevadm: uninitialized urandom read (16 bytes read, 5 bits of entropy available)
[    6.333434] random: udevadm: uninitialized urandom read (16 bytes read, 5 bits of entropy available)
[    6.333574] random: udevadm: uninitialized urandom read (16 bytes read, 5 bits of entropy available)
[    6.585502] e1000: Intel(R) PRO/1000 Network Driver - version 7.3.21-k8-NAPI
[    6.590274] e1000: Copyright (c) 1999-2006 Intel Corporation.
[    6.643439] Fusion MPT base driver 3.04.20
[    6.645708] Copyright (c) 1999-2008 LSI Corporation
[    6.676007] AVX2 version of gcm_enc/dec engaged.
[    6.691587] AES CTR mode by8 optimization enabled
[    6.722541] Fusion MPT SPI Host driver 3.04.20
[    6.734406] mptbase: ioc0: Initiating bringup
[    6.968666] input: ImExPS/2 Generic Explorer Mouse as /devices/platform/i8042/serio1/input/input4
[    6.996394] ioc0: LSI53C1030 A0: Capabilities={Initiator}
[    7.833860] scsi host2: ioc0: LSI53C1030 A0, FwRev=00000000h, Ports=1, MaxQ=256, IRQ=20
[    8.725248] scsi 2:0:0:0: Direct-Access     VBOX     HARDDISK         1.0  PQ: 0 ANSI: 5
[    8.745313] scsi target2:0:0: Beginning Domain Validation
[    8.778106] scsi target2:0:0: Domain Validation skipping write tests
[    8.792242] scsi target2:0:0: Ending Domain Validation
[    8.802972] scsi target2:0:0: asynchronous
[    8.818249] scsi 2:0:1:0: Direct-Access     VBOX     HARDDISK         1.0  PQ: 0 ANSI: 5
[    8.837575] scsi target2:0:1: Beginning Domain Validation
[    8.892209] scsi target2:0:1: Domain Validation skipping write tests
[    8.901893] scsi target2:0:1: Ending Domain Validation
[    8.905291] scsi target2:0:1: asynchronous
[    8.927880] sd 2:0:0:0: Attached scsi generic sg0 type 0
[    8.936321] sd 2:0:0:0: [sda] 20971520 512-byte logical blocks: (10.7 GB/10.0 GiB)
[    8.942194] sd 2:0:1:0: Attached scsi generic sg1 type 0
[    8.945166] sd 2:0:0:0: [sda] Write Protect is off
[    8.948051] sd 2:0:1:0: [sdb] 20480 512-byte logical blocks: (10.5 MB/10.0 MiB)
[    8.958100] sd 2:0:0:0: [sda] Incomplete mode parameter data
[    8.961110] sd 2:0:0:0: [sda] Assuming drive cache: write through
[    8.965543] sd 2:0:1:0: [sdb] Write Protect is off
[    8.980487] sd 2:0:1:0: [sdb] Incomplete mode parameter data
[    8.983203] sd 2:0:1:0: [sdb] Assuming drive cache: write through
[    9.003449]  sda: sda1
[    9.006665] sd 2:0:0:0: [sda] Attached SCSI disk
[    9.011417] sd 2:0:1:0: [sdb] Attached SCSI disk
[    9.270914] e1000 0000:00:03.0 eth0: (PCI:33MHz:32-bit) 02:5f:df:de:53:76
[    9.287042] e1000 0000:00:03.0 eth0: Intel(R) PRO/1000 Network Connection
[   10.230660] e1000 0000:00:08.0 eth1: (PCI:33MHz:32-bit) 08:00:27:69:04:33
[   10.240969] e1000 0000:00:08.0 eth1: Intel(R) PRO/1000 Network Connection
[   10.254679] e1000 0000:00:03.0 enp0s3: renamed from eth0
[   10.275324] e1000 0000:00:08.0 enp0s8: renamed from eth1
Begin: Loading essential drivers ... [   12.469457] md: linear personality registered for level -1
[   12.477424] md: multipath personality registered for level -4
[   12.485303] md: raid0 personality registered for level 0
[   12.502344] md: raid1 personality registered for level 1
[   12.578002] raid6: sse2x1   gen()  2214 MB/s
[   12.650238] raid6: sse2x1   xor()  1437 MB/s
[   12.729970] raid6: sse2x2   gen()  3844 MB/s
[   12.806032] raid6: sse2x2   xor()  2426 MB/s
[   12.874309] raid6: sse2x4   gen()  5772 MB/s
[   12.954388] raid6: sse2x4   xor()  3427 MB/s
[   13.030001] raid6: avx2x1   gen()  4784 MB/s
[   13.102000] raid6: avx2x2   gen()  8829 MB/s
[   13.182326] raid6: avx2x4   gen() 10486 MB/s
[   13.186913] raid6: using algorithm avx2x4 gen() 10486 MB/s
[   13.201734] raid6: using avx2x2 recovery algorithm
[   13.213936] xor: automatically using best checksumming function:
[   13.266323]    avx       : 17086.000 MB/sec
[   13.276324] async_tx: api initialized (async)
[   13.301626] md: raid6 personality registered for level 6
[   13.306509] md: raid5 personality registered for level 5
[   13.328558] md: raid4 personality registered for level 4
[   13.359804] md: raid10 personality registered for level 10
done.
Begin: Running /scripts/init-premount ... done.
Begin: Mounting root file system ... Begin: Running /scripts/local-top ... done.
Begin: Running /scripts/local-premount ... [   13.448481] Btrfs loaded
Scanning for Btrfs filesystems
done.
Warning: fsck not present, so skipping root file[   13.501784] EXT4-fs (sda1): mounted filesystem with ordered data mode. Opts: (null)
 system
done.
Begin: Running /scripts/local-bottom ... done.
Begin: Running /scripts/init-bottom ... done.
[   13.685091] systemd[1]: systemd 229 running in system mode. (+PAM +AUDIT +SELINUX +IMA +APPARMOR +SMACK +SYSVINIT +UTMP +LIBCRYPTSETUP +GCRYPT +GNUTLS +ACL +XZ -LZ4 +SECCOMP +BLKID +ELFUTILS +KMOD -IDN)
[   13.722818] systemd[1]: Detected virtualization oracle.
[   13.725367] systemd[1]: Detected architecture x86-64.

Welcome to [1mUbuntu 16.04.6 LTS[0m!

[   13.743103] systemd[1]: Set hostname to <ubuntu>.
[   13.752268] systemd[1]: Initializing machine ID from random generator.
[   13.768379] systemd[1]: Installed transient /etc/machine-id file.
[  14.025789] systemd[1]: Listening on Journal Socket (/dev/log).
[[0;32m  OK  [0m] Listening on Journal Socket (/dev/log).
[   14.806289] systemd[1]: Set up automount Arbitrary Executable File Formats File System Automount Point.
[[0;32m  OK  [0m] Set up automount Arbitrary Executab...ats File System Automount Point.
[   14.864604] systemd[1]: Listening on /dev/initctl Compatibility Named Pipe.
[[0;32m  OK  [0m] Listening on /dev/initctl Compatibility Named Pipe.
[   15.182832] systemd[1]: Reached target Swap.
[[0;32m  OK  [0m] Reached target Swap.
[   15.296675] systemd[1]: Created slice System Slice.
[[0;32m  OK  [0m] Created slice System Slice.
[   15.323169] systemd[1]: Listening on Syslog Socket.
[[0;32m  OK  [0m] Listening on Syslog Socket.
[   15.343446] systemd[1]: Created slice User and Session Slice.
[[0;32m  OK  [0m] Created slice User and Session Slice.
[   15.367175] systemd[1]: Listening on Device-mapper event daemon FIFOs.
[[0;32m  OK  [0m] Listening on Device-mapper event daemon FIFOs.
[   15.373978] systemd[1]: Reached target System Time Synchronized.
[[0;32m  OK  [0m] Reached target System Time Synchronized.
[   15.392004] systemd[1]: Listening on Journal Audit Socket.
[[0;32m  OK  [0m] Listening on Journal Audit Socket.
[   15.473393] systemd[1]: Listening on udev Ctrol Socket.

[[0;32m  OK  [0m] Listening on udev Control Socket.
[   15.604359] systemd[1]: Started Trigger resolvconf update for networkd DNS.
[[0;32m  OK  [0m] Started Trigger resolvconf update for networkd DNS.
[   15.623062] systemd[1]: Listening on LVM2 metadata daemon socket.
[[0;32m  OK  [0m] Listening on LVM2 metadata daemon socket.
[   15.639874] systemd[1]: Reached target Slices.
[[0;32m  OK  [0m] Reached target Slices.
[   15.645792] systemd[1]: Listening on udev Kernel Socket.
[[0;32m  OK  [0m] Listening on udev Kernel Socket.
[   15.657414] systemd[1]: Reached target User and Group Name Lookups.
[[0;32m  OK  [0m] Reached target User and Group Name Lookups.
[   15.665888] systemd[1]: Listening on Journal Socket.
[[0;32m  OK  [0m] Listening on Journal Socket.
[   15.683105] systemd[1]: Starting Set console keymap...
         Starting Set console keymap...
[   15.692098] systemd[1]: Mounting Huge Pages File System...
         Mounting Huge Pages File System...
[   15.702544] systemd[1]: Starting Load Kernel Modules...
         Starting Load Kernel Modules...[   15.707493] random: nonblocking pool is initialized

[   15.715460] systemd[1]: Starting Create list of required static device nodes for the current kernel...
         Starting Create list of required st... nodes for the current kernel...
[   15.732578] systemd[1]: Starting Monitoring of LVM2 mirrors, snapshots etc. using dmeventd or progress polling...
[   15.741820] Loading iSCSI transport class v2.0-870.
         Starting Monitoring of LVM2 mirrors... dmeventd or progress polling...
[   15.779104] iscsi: registered transport (tcp)
[   15.780268] systemd[1]: Mounting POSIX Message Queue File System...
         Mounting POSIX Message Queue File System...
[   15.799007] systemd[1]: Starting Nameserver information manager...
         Starting Nameserver information manager...
[   15.853016] systemd[1]: Starting Uncomplicated firewall...
         Starting Uncomplicated firewall...
[   15.906794] iscsi: registered transport (iser)
[   15.916208] systemd[1]: Starting Journal Service...
         Starting Journal Service...
[   15.966296] systemd[1]: Mounting Debug File System...
         Mounting Debug File System...
[   15.977731] systemd[1]: Reached target Encrypted Volumes.
[[0;32m  OK  [0m] Reached target Encrypted Volumes.
[   15.982992] systemd[1]: Started Forward Password Requests to Wall Directory Watch.
[[0;32m  OK  [0m] Started Forward Password Requests to Wall Directory Watch.
[   15.990665] systemd[1]: Starting Remount Root and Kernel File Systems...
         Starting Remount Root and Kernel File Systems...
[   15.999305] systemd[1]: Listening on LVM2 poll daemon socket.
[   16.012478] EXT4-fs (sda1): re-mounted. Opts: (null)
[[0;32m  OK  [0m] Listening on LVM2 poll daemon socket.
[   16.018042] systemd[1]: Created slice system-serial\x2dgetty.slice.
[[0;32m  OK  [0m] Created slice system-serial\x2dgetty.slice.
[   16.038964] systemd[1]: Mounted POSIX Message Queue File System.
[[0;32m  OK  [0m] Mounted POSIX Message Queue File System.
[   16.074878] systemd[1]: Mounted Debug File System.
[[0;32m  OK  [0m] Mounted Debug File System.
[   16.094721] systemd[1]: Mounted Huge Pages File System.
[[0;32m  OK  [0m] Mounted Huge Pages File System.
[   16.113446] sstemd[1]: Started Journal Service.
[[0;32m  OK  [0m] Started Journal Service.
[[0;32m  OK  [0m] Started Set console keymap.
[[0;32m  OK  [0m] Started Load Kernel Modules.
[[0;32m  OK  [0m] Started Create list of required sta...ce nodes for the current kernel.
[[0;32m  OK  [0m] Started Uncomplicated firewall.
[[0;32m  OK  [0m] Started Remount Root and Kernel File Systems.
[[0;32m  OK  [0m] Started Nameserver information manager.
[[0;32m  OK  [0m] Started LVM2 metadata daemon.
         Starting udev Coldplug all Devices...
         Starting Load/Save Random Seed...
         Starting Create Static Device Nodes in /dev...
         Starting Apply Kernel Variables...
         Mounting FUSE Control File System...
         Starting Flush Journal to Persistent Storage...
[[0;32m  OK  [0m] Mounted FUSE Control File System.
[[0;32m  OK  [0m] Started Load/Save Random Seed.
[[0;32m  OK  [0m] Started Create Static Device Nodes in /dev.
[[0;32m  OK  [0m] Started Apply Kernel Variables.
[[0;32m  OK  [0m] Started udev Coldplug all Devices.
[[0;32m  OK  [0m] Started Flush Journal to Persistent Storage.
         Starting udev Kernel Device Manager...
[[0;32m  OK  [0m] Started udev Kernel Device Manager.
[[0;32m  OK  [0m] Started Dispatch Password Requests to Console Directory Watch.
[[0;32m  OK  [0m] Started Monitoring of LVM2 mirrors,...ng dmeventd or progress polling.
[[0;32m  OK  [0m] Reached target Local File Systems (Pre).
[[0;32m  OK  [0m] Reached target Local File Systems.
         Starting Tell Plymouth To Write Out Runtime Data...
         Starting Initial cloud-init job (pre-networking)...
         Starting LSB: AppArmor initialization...
         Starting Set console font and keymap...
         Starting Commit a transient machine-id on disk...
         Starting Create Volatile Files and Directories...
[[0;32m  OK  [0m] Started Tell Plymouth To Write Out Runtime Data.
[[0;32m  OK  [0m] Started Commit a transient machine-id on disk.
[[0;32m  OK  [0m] Started Create Volatile Files and Directories.
         Starting Update UTMP about System Boot/Shutdown...
[[0;32m  OK  [0m] Started Update UTMP about System Boot/Shutdown.
[[0;32m  OK  [0m] Found device /dev/ttyS0.
[[0;32m  OK  [0m] Listening on Load/Save RF Kill Switch Status /dev/rfkill Watch.
[   17.270023] cloud-init[480]: Cloud-init v. 18.5-45-g3554ffe8-0ubuntu1~16.04.1 running 'init-local' at Mon, 29 Apr 2019 01:41:16 +0000. Up 16.23 seconds.
[[0;32m  OK  [0m] Started Initial cloud-init job (pre-networking).
[[0;32m  OK  [0m] Reached target Network (Pre).
[[0;32m  OK  [0m] Started LSB: AppArmor initialization.
[[0;32m  OK  [0m] Started Set console font and keymap.
[[0;32m  OK  [0m] Created slice system-getty.slice.
         Starting Raise network interfaces...
[[0;32m  OK  [0m] Started Raise network interfaces.
[[0;32m  OK  [0m] Reached target Network.
         Starting Initial cloud-init job (metadata service crawler)...
[   21.636429] cloud-init[953]: Cloud-init v. 18.5-45-g3554ffe8-0ubuntu1~16.04.1 running 'init' at Mon, 29 Apr 2019 01:41:20 +0000. Up 20.31 seconds.
[   21.728987] cloud-init[953]: ci-info: ++++++++++++++++++++++++++++++++++++++Net device info+++++++++++++++++++++++++++++++++++++++
[   21.747035] cloud-init[[0;32m  OK  [0m] Started Initial cloud-init job (metadata service crawler).
[953]: ci-info: +--------+-------+----------------------------+---------------+--------+-------------------+
[   21.812612] [[0;32m  OK  [0m] Reached target Cloud-config availability.
[[0;32m  OK  [0m] Reached target System Initialization.
cloud-init[953]: ci-info: | Device |   Up  |          Address           |      Mask     | Scope  |     Hw-Address    |
[   22.113394] cloud-init[[0;32m  OK  [0m] Started ACPI Events Check.
[[0;32m  OK  [0m] Reached target Paths.
[953]: ci-info: +--------+-------+----------------------------+---------------+--------+-------------------+
[   22.209330] [[0;32m  OK  [0m] Listening on ACPID Listen Socket.
[[0;32m  OK  [0m] Listening on D-Bus System Message Bus Socket.
[[0;32m  OK  [0m] Listening on UUID daemon activation socket.
cloud-init[953]: ci-info: | enp0s3 |  True |         10.0.2.15          | 255.255.255.0 | global | 02:5f:df:de:53:76 |
         Starting LXD - unix socket.
[   22.310919] cloud-init[953]: ci-info: | enp0s3 |  True | fe80::5f:dfff:fede:5376/64 |       .       |  link  | 02:5f:df:de:53:76 |
[   22.361296]          Starting Socket activation for snappy daemon.
[[0;32m  OK  [0m] Started Daily apt download activities.
[[0;32m  OK  [0m] Started Daily Cleanup of Temporary Directories.
cloud-init[953]: ci-info: | enp0s8 | False |             .              |       .       |   .    | 08:00:27:69:04:33 |
[[0;32m  OK  [0m] Started Daily apt upgrade and clean activities.
[   22.455703] [cloud-init[0;32m  OK  [0m[953]: ] ci-info: |   lo   |  True |         127.0.0.1          |   255.0.0.0   |  host  |         .         |
Reached target Timers.
[   22.479602] cloud-init[953]: ci-info: |   lo   |  True |          ::1/128           |       .       |  host  |         .         |
[[0;32m  OK  [0m] Reached target Network is Online.
[   22.533051] cloud-init[953]: ci-info: +--------+-------+----------------------------+---------------+--------+-------------------+
[   22.590444]          Starting iSCSI initiator daemon (iscsid)...
cloud-init[953]: ci-info: +++++++++++++++++++++++++++Route IPv4 info++++++++++++++++++++++++++++
[   22.663681] cloud-init[[0;32m  OK  [0m] Listening on LXD - unix socket.
[[0;32m  OK  [0m] Listening on Socket activation for snappy daemon.
[953]: ci-info: +-------+-------------+----------+---------------+-----------+-------+
[   22.741154] cloud-init[953]: ci-info: | Route | Destination | Gateway  |    Genmask    | Interface | Flags |
[   22.754809] cloud-init[953]: ci-info: +-------+-------------+----------+---------------+-----------+-------+
[[0;32m  OK  [0m] Started iSCSI initiator daemon (iscsid).
[   22.755744] cloud-init[953]: ci-info: |   0   |   0.0.0.0   | 10.0.2.2 |    0.0.0.0    |   enp0s3  |   UG  |
[   22.822385] cloud-init[953]: ci-info: |   1   |   10.0.2.0  | 0.0.0.0  | 255.255.255.0 |   enp0s3  |   U   |
[   22.884256] cloud-init[953]: ci-info: +-------+-------------+----------+---------------+-----------+-------+
[   22.884917] cloud-init[953]: ci-info: +++++++++++++++++++Route IPv6 info+++++++++++++++++++
[   22.885238] cloud-init[953]: ci-info: +-------+-------------+---------+-----------+-------+
         Starting Login to default iSCSI targets...
[   22.885569] cloud-init[953]: ci-info: | Route | Destination | Gateway | Interface | Flags |
[   22.988360] cloud-init[953]: ci-info: +-------+-------------+---------+-----------+-------+
[[0;32m  OK  [0m] Reached target Sockets.
[[   22.995373] cloud-init[953]: ci-info: |   0   |  fe80::/64  |    ::   |   enp0s3  |   U   |
[   23.067860] cloud-init[953]: ci-info: |   4   |   ff00::/8  |    ::   |   enp0s3  |   U   |
[   23.070160] cloud-init[953]: ci-info: +-------+-------------+---------+-----------+-------+
[0;32m  OK  [0m] Reached target Basic System.
[   23.074141] cloud-init[953]: Generating public/private rsa key pair.
[   23.112529] cloud-init[953]: Your identification has been saved in /etc/ssh/ssh_host_rsa_key.
[   23.120686] cloud-init[953]: Your public key has been saved in /etc/ssh/ssh_host_rsa_key.pub.
[   23.132910] cloud-init[953]: The key fingerprint is:         Starting Pollinate to seed the pseudo random number generator...
[   23.141565] cloud-init[953]: SHA256:3IUpGdUMYZW85CicAk6ViJlPFr4/6f8QyJpdRwiaDog root@ubuntu-xenial
[[0;32m  OK  [0m] Started Unattended Upgrades Shutdown.

[   23.198483] cloud-init[953]: The key's randomart image is:
[   23.199171] cloud-init[953]: +---[RSA 2048]----+
[   23.199799] cloud-init[953]: |   +.+o...=B..   |
         Starting Login Service...
[   23.201103] cloud-init[953]: |..+.*o.. = o*    |
[   23.219637] cloud-init[953]: |E .*+. .+.++..   |
[   23.226299] cloud-init[953]: |   ooo.o++..o    |
[   23.232786] cloud-init[953]: |    o o.S.o      |
[   23.236016] cloud-init[953]: |     = o o       |
         Starting LXD - container startup/shutdown...
[   23.284281] cloud-init[953]: |    o = .        |
[   23.285822] cloud-init[953]: |     . . .       |
[   23.285970] cloud-init[953]: |      .....      |
[   23.286088] cloud-init[953]: +----[SHA256]-----+
[   23.286205] cloud-init[953]: Generating public/private dsa key pair.
[   23.286322] cloud-init[953]: Your identification has been saved in /etc/ssh/ssh_host_dsa_key.
[   23.286441] cloud-init[953]: Your public key has been saved in /etc/ssh/ssh_host_dsa_key.pub.
[   23.286566] cloud-init[953]: The key fingerprint is:
[   23.286877] cloud-init[953]: SHA256:pxV2bbwvttJO+8yFpRERH1qAK2sONSJqvKAIy7gt3Do root@ubuntu-xenial
[   23.286998] cloud-init[953]: The key's randomart image is:
[   23.287117] cloud-init[953]: +---[DSA 1024]----+
[   23.287233] cloud-init[953]: |            ..++ |
[   23.287349] cloud-init[953]: |           . ooo.|
[   23.287470] cloud-init[953]: |          o o.= .|
[   23.287620] cloud-init[953]: |     . . = + . o |
[   23.287744] cloud-init[953]: |  . . . S *   o .|
[   23.287859] cloud-init[953]: |.. +   . *     * |
[   23.287979] cloud-init[953]: |B.+ .   =    .* o|
[   23.288313] cloud-init[953]: |*E o     .  .o.*.|
[   23.353235] cloud-init[953]: |.++          o+.+|
[   23.355747] cloud-init[953]: +----[SHA256]-----+
[   23.358584] cloud-init[953]: Generating public/private ecdsa key pair.
[   23.377091] cloud-init[953]: Your identification has been saved in /etc/ssh/ssh_host_ecdsa_key.
[   23.377805] cloud-init[953]: Your public key has been saved in /etc/ssh/ssh_host_ecdsa_key.pub.
[   23.378238] cloud-init[953]: The key fingerprint is:
[   23.378705] cloud-init[953]: SHA256:QBzCKA5/Q2FQVS0/C/asqFrr6CREFFaLWwMZD1ZOW8I root@ubuntu-xenial
[   23.379021] cloud-init[953]: The key's randomart image is:
[   23.379422] cloud-init[953]: +---[ECDSA 256]---+
[   23.379795] cloud-init[953]: | OOX==+o..       |
         Starting LSB: Record successful boot for GRUB...
[   23.380526] cloud-init[953]: |*.OEBo. . .      |
[   23.432527] cloud-init[953]: |o= O  .  o       |
[   23.447179] cloud-init[953]: |..+ +  .o o      |
[   23.447727] cloud-init[953]: | o . . .S+ o     |
[   23.448121] cloud-init[953]: |.         +      |
[   23.448781] cloud-init[953]: |. . .  . .       |
[   23.449095] cloud-init[953]: | o o .. .        |
[   23.449427] cloud-init[953]: | .+o+.           |
[   23.450452] cloud-init[953]: +----[SHA256]-----+
[   23.450760] cloud-init[953]: Generating public/private ed25519 key pair.
[   23.451088] cloud-init[953]: Your identification has been saved in /etc/ssh/ssh_host_ed25519_key.
[   23.455686] cloud-init[953]: Your public key has been saved in /etc/ssh/ssh_host_ed25519_key.pub.
[[   23.456672] cloud-init[953]: The key fingerprint is:
[0;32m  OK  [0m] Started Deferred execution scheduler.
[   23.457182] cloud-init[953]: SHA256:t93llpDVg+myeoMK1ugGONDwUzLp1zCvkPi8ag3F5jc root@ubuntu-xenial
[   23.507146] cloud-init[953]: The key's randomart image is:
[   23.510507] cloud-init[953]: +--[ED25519 256]--+
[   23.519221] cloud-init[953]: |   .             |
         Starting /etc/rc.local Compatibility...
[   23.520727] cloud-init[953]: |. + +         o .|
         Starting LSB: MD monitoring daemon...
[[0;32m  OK  [0m] Started FUSE filesystem for LXC.
         Starting Virtualbox guest utils...
[   23.605183] cloud-init[953]: | *.= =       o o.|
[   23.624474]          cloud-initStarting Accounts Service...[953]: 
|o B+. o     . o .|
[   23.653335] [[0;32m  OK  [0m] Started Regular background program processing daemon.
cloud-init[953]: |.o=+ .  S .. +  .|
[   23.664765] cloud-init[953]: | +oo.Eo  . oo..o.|
[   23.692375]          cloud-initStarting System Logging Service...[953]: 
|  +.o+..  o.. ..o|
[   23.719322] [[0;32m  OK  [0m] Started ACPI event daemon.
cloud-init[953]: | ...o..  ..o   . |
[   23.752952]          cloud-initStarting Snappy daemon...[953]: 
|o.  .. .... .    |
[   23.763918] [cloud-init[0;32m  OK  [0m[953]: ] +----[SHA256]-----+Started D-Bus System Message Bus.

[[0;32m  OK  [0m] Started System Logging Service.
[[0;32m  OK  [0m] Started LXD - container startup/shutdown.
[[0;32m  OK  [0m] Started /etc/rc.local Compatibility.
[[0;32m  OK  [0m] Started Login to default iSCSI targets.
[[0;32m  OK  [0m] Started LSB: Record successful boot for GRUB.
[[0;32m  OK  [0m] Started Snappy daemon.
[[0;32m  OK  [0m] Started LSB: MD monitoring daemon.
[[0;32m  OK  [0m] Started Login Service.
         Starting Authenticate and Authorize Users to Run Privileged Tasks...
         Starting Wait until snapd is fully seeded...
[[0;32m  OK  [0m] Reached target Remote File Systems (Pre).
[[0;32m  OK  [0m] Reached target Remote File Systems.
         Starting LSB: Set the CPU Frequency Scaling governor to "ondemand"...
         Starting LSB: automatic crash report generation...
         Starting LSB: daemon to balance interrupts for SMP systems...
         Starting Permit User Sessions...
[[0;32m  OK  [0m] Started Virtualbox guest utils.
[[0;32m  OK  [0m] Started Permit User Sessions.
[[0;32m  OK  [0m] Started Authenticate and Authorize Users to Run Privileged Tasks.
[[0;32m  OK  [0m] Started Accounts Service.
[[0;32m  OK  [0m] Started LSB: Set the CPU Frequency Scaling governor to "ondemand".
         Starting Hold until boot process finishes up...
         Starting Terminate Plymouth Boot Screen...
[[0;32m  OK  [0m] Started LSB: automatic crash report generation.
[[0;32m  OK  [0m] Started LSB: daemon to balance interrupts for SMP systems.
[[0;32m  OK  [0m] Started Hold until boot process finishes up.
[[0;32m  OK  [0m] Started Terminate Plymouth Boot Screen.
         Starting Set console scheme...
[[0;32m  OK  [0m] Started Serial Getty on ttyS0.
[[0;32m  OK  [0m] Started Getty on tty1.
[[0;32m  OK  [0m] Reached target Login Prompts.
[[0;32m  OK  [0m] Started Set console scheme.
[[0;32m  OK  [0m] Started Pollinate to seed the pseudo random number generator.
         Starting OpenBSD Secure Shell server...
[[0;32m  OK  [0m] Started OpenBSD Secure Shell server.
[[0;32m  OK  [0m] Created slice User Slice of vagrant.
         Starting User Manager for UID 1000...
[[0;32m  OK  [0m] Started Session 1 of user vagrant.
[[0;32m  OK  [0m] Started User Manager for UID 1000.
[[0;32m  OK  [0m] Started Wait until snapd is fully seeded.
[[0;32m  OK  [0m] Reached target Multi-User System.
[[0;32m  OK  [0m] Reached target Graphical Interface.
         Starting Update UTMP about System Runlevel Changes...
         Starting Apply the settings specified in cloud-config...
[[0;32m  OK  [0m] Started Update UTMP about System Runlevel Changes.
[   30.060994] cloud-init[1367]: Generating locales (this might take a while)...

Ubuntu 16.04.6 LTS ubuntu-xenial ttyS0

ubuntu-xenial login: [   33.195725] cloud-init[1367]:   en_US.UTF-8... done
[   33.197029] cloud-init[1367]: Generation complete.
[   33.953940] cloud-init[1367]: Cloud-init v. 18.5-45-g3554ffe8-0ubuntu1~16.04.1 running 'modules:config' at Mon, 29 Apr 2019 01:41:30 +0000. Up 29.64 seconds.
ci-info: no authorized ssh keys fingerprints found for user ubuntu.
<14>Apr 29 01:41:35 ec2: 
<14>Apr 29 01:41:35 ec2: #############################################################
<14>Apr 29 01:41:35 ec2: -----BEGIN SSH HOST KEY FINGERPRINTS-----
<14>Apr 29 01:41:35 ec2: 1024 SHA256:pxV2bbwvttJO+8yFpRERH1qAK2sONSJqvKAIy7gt3Do root@ubuntu-xenial (DSA)
<14>Apr 29 01:41:35 ec2: 256 SHA256:QBzCKA5/Q2FQVS0/C/asqFrr6CREFFaLWwMZD1ZOW8I root@ubuntu-xenial (ECDSA)
<14>Apr 29 01:41:35 ec2: 256 SHA256:t93llpDVg+myeoMK1ugGONDwUzLp1zCvkPi8ag3F5jc root@ubuntu-xenial (ED25519)
<14>Apr 29 01:41:35 ec2: 2048 SHA256:3IUpGdUMYZW85CicAk6ViJlPFr4/6f8QyJpdRwiaDog root@ubuntu-xenial (RSA)
<14>Apr 29 01:41:35 ec2: -----END SSH HOST KEY FINGERPRINTS-----
<14>Apr 29 01:41:35 ec2: #############################################################
-----BEGIN SSH HOST KEY KEYS-----
ecdsa-sha2-nistp256 AAAAE2VjZHNhLXNoYTItbmlzdHAyNTYAAAAIbmlzdHAyNTYAAABBBDndyht/TKNGlJa9duZ4yM0cfkuecEc6IWsYsLle6MRFu6yGPoD1zLY/OCNgKy2EEGjJWjHjeWZIyVM0hz0B3ms= root@ubuntu-xenial
ssh-ed25519 AAAAC3NzaC1lZDI1NTE5AAAAID+Gn+P9gQOg1jgawX4odkdCdEL+ZKJKL37qZXeeN26K root@ubuntu-xenial
ssh-rsa AAAAB3NzaC1yc2EAAAADAQABAAABAQDVoVmc02CeWLb4mBUE53/x6hIcYLiX9VhIG29Cp2USLlbxJ+ntP+cTq4o7Wl4jc9uN6qUn1Tc0ErOLAxmaDPZt0Pxwfg1PL72zWafJtZmAMCazyQKB3ijh9tnnku6FUGgiqRiLzd69BlFs5C+27jFvSUIu1En1L4JfFE7rlOlu2dw7c373xLA2dbtYwcp5XbpTPPaLG6aoEKqaL94a6hSr6K2JQoA6Rji714MJkOFjlrRZyX5vhkEa5H2N6ReGp8/WOp1v4P5u8B89dUzFQkFuVwvWQ44KEQnv183TaTeP0gDWv595XiMa6ApCz+Yt6ubmfCJV/3t7EGL1ltyCRpMf root@ubuntu-xenial
-----END SSH HOST KEY KEYS-----
[   35.302420] cloud-init[1595]: Cloud-init v. 18.5-45-g3554ffe8-0ubuntu1~16.04.1 running 'modules:final' at Mon, 29 Apr 2019 01:41:35 +0000. Up 34.94 seconds.
[   35.302760] cloud-init[1595]: ci-info: no authorized ssh keys fingerprints found for user ubuntu.
[   35.303055] cloud-init[1595]: Cloud-init v. 18.5-45-g3554ffe8-0ubuntu1~16.04.1 finished at Mon, 29 Apr 2019 01:41:35 +0000. Datasource DataSourceNoCloud [seed=/dev/sdb][dsmode=net].  Up 35.28 seconds
